C51 COMPILER V9.00   OUTLOAD                                                               07/17/2021 13:56:44 PAGE 1   


C51 COMPILER V9.00, COMPILATION OF MODULE OUTLOAD
OBJECT MODULE PLACED IN outload.OBJ
COMPILER INVOKED BY: D:\Keil\C51\BIN\C51.EXE outload.c BROWSE DEBUG OBJECTEXTEND

line level    source

   1          #include "h\SC93F843X_C.H"      
   2          #include "h\data_type.h"
   3          #include "lib\SensorMethod.h"
   4          #include "config.h"
   5          
   6          //bit ForceClose_lev1(void);
   7          
   8          
   9          #define         IO_REL1         P50//P41        
  10          #define         IO_REL2         P11//P40                         
  11          #define         IO_FAN          P51//P17
  12          //#define               IO_LAMP         P10
  13          
  14          #define WARMON 1  //开启制热
  15          #define COLDON 2   //开启制冷
  16          #define BOTHCLOSE 0       //制冷制热都关
  17          
  18          #define CLOSE 0    //风扇关
  19          #define HALF 1    //风扇半功率输出
  20          #define ALL 111  //风扇全功率输出
  21          
  22          
  23          
  24          
  25          
  26          unsigned char s_temp_trend=0;
  27          
  28          void PowerOnClearLoad(void)
  29          {
  30   1              s_temp_trend=0; 
  31   1      }
  32          
  33          void Output(unsigned char temp)
  34          {
  35   1              switch(temp)
  36   1              {
  37   2                      case WARMON:
  38   2                                      IO_REL1=1;
  39   2                                      IO_REL2=0;
  40   2                                      break;
  41   2                      case COLDON:
  42   2                                      IO_REL1=0;
  43   2                                      IO_REL2=1;
  44   2                                      break;
  45   2                      default:
  46   2                                      IO_REL1=0;
  47   2                                      IO_REL2=0;
  48   2                                      break;                                                                          
  49   2                                      
  50   2              }
  51   1      }
  52          
  53          void OutputBf(unsigned char temp)
  54          {
  55   1              switch (temp)
C51 COMPILER V9.00   OUTLOAD                                                               07/17/2021 13:56:44 PAGE 2   

  56   1              {
  57   2                      case TEMPADD:  //温度处于上升状态
  58   2                              Output(WARMON); //制热
  59   2                              break;
  60   2                      case TEMPSUB:
  61   2                              Output(COLDON);//制冷
  62   2                              break;
  63   2                      default:
  64   2                              Output(BOTHCLOSE);
  65   2                              break;
  66   2              }
  67   1      }
  68          
  69          unsigned char Output_led()
  70          {
  71   1              return(s_temp_trend);
  72   1      }
  73          
  74          void RelayWork_C(unsigned char set)
  75          {
  76   1              if(s_temp_trend == TEMPSUB)       //温度变化趋势 减
  77   1              {
  78   2                      if(Tmp_C <= set)
  79   2                              s_temp_trend = 0;               
  80   2              }
  81   1              else if(s_temp_trend == TEMPADD)//温度变化趋势 加
  82   1              {
  83   2                      if(Tmp_C >= set)
  84   2                              s_temp_trend = 0;                               
  85   2              }
  86   1              else
  87   1              {
  88   2                      if(Tmp_C > (set+1))
  89   2                              s_temp_trend = TEMPSUB; //温度变化趋势 减                       
  90   2                      else if(Tmp_C < (set-1))
  91   2                              s_temp_trend = TEMPADD; //温度变化趋势 加
  92   2                      else
  93   2                      {}                              
  94   2              }
  95   1      }
  96          void RelayWork_H(unsigned char set)
  97          {
  98   1              if(s_temp_trend == TEMPSUB)       //温度变化趋势 减
  99   1              {
 100   2                      if(Tmp_H <= set)
 101   2                              s_temp_trend = 0;               
 102   2              }
 103   1              else if(s_temp_trend == TEMPADD) //温度变化趋势 加
 104   1              {
 105   2                      if(Tmp_H >= set)
 106   2                              s_temp_trend = 0;                               
 107   2              }
 108   1              else
 109   1              {
 110   2                      if(Tmp_H > (set+1))                                     
 111   2                              s_temp_trend = TEMPSUB; //温度变化趋势 减                       
 112   2                      else if(Tmp_H < (set-1))
 113   2                              s_temp_trend = TEMPADD; //温度变化趋势 加
 114   2                      else
 115   2                      {}                              
 116   2              }
 117   1      }
C51 COMPILER V9.00   OUTLOAD                                                               07/17/2021 13:56:44 PAGE 3   

 118          void Relaywork()
 119          {
 120   1              /*IO_REL1*/     //制热
 121   1              bit ftl_closeall=0;
 122   1              unsigned char set;
 123   1              //若在华氏状态，则转化成摄氏；若在摄氏状态就直接用；
 124   1              if(rsg_show_H)
 125   1                      set = TurnToCenti(Settmp);
 126   1              else
 127   1                      set = Settmp;
 128   1      
 129   1      
 130   1              ftl_closeall = ForceClose_lev1();//强制关闭等级最高
 131   1      
 132   1              if(f_onoff)
 133   1              {
 134   2                      if(ftl_closeall) //强制关
 135   2                      {
 136   3                              s_temp_trend = 0;
 137   3                      }
 138   2                      else
 139   2                      {
 140   3                              if(f_settemp)
 141   3                              {}
 142   3                              else
 143   3                              {
 144   4                                      if(rsg_show_H)//显示华氏温度
 145   4                                              RelayWork_H(Settmp);
 146   4                                      else
 147   4                                              RelayWork_C(Settmp);    
 148   4      //                                      if(s_temp_trend == TEMPSUB)
 149   4      //                                      {
 150   4      //                                              if(Tmp_C <= set)
 151   4      //                                                      s_temp_trend = 0;               
 152   4      //                                      }
 153   4      //                                      else if(s_temp_trend == TEMPADD)
 154   4      //                                      {
 155   4      //                                              if(Tmp_C >= set)
 156   4      //                                                      s_temp_trend = 0;                               
 157   4      //                                      }
 158   4      //                                      else
 159   4      //                                      {
 160   4      //                                              if(Tmp_C > (set+1))
 161   4      //                                              {
 162   4      //                                                      s_temp_trend = TEMPSUB;                         
 163   4      //                                              }
 164   4      //                                              else if(Tmp_C < (set-1))
 165   4      //                                              {
 166   4      //                                                      s_temp_trend = TEMPADD; 
 167   4      //                                              }
 168   4      //                                              else
 169   4      //                                              {}                              
 170   4      //                                      }
 171   4                              }
 172   3                      }
 173   2              }
 174   1              else
 175   1                      s_temp_trend = 0;
 176   1      
 177   1      
 178   1              
 179   1              OutputBf(s_temp_trend); //根据当前的温度趋势，判定是制冷还是制热
C51 COMPILER V9.00   OUTLOAD                                                               07/17/2021 13:56:44 PAGE 4   

 180   1      
 181   1      
 182   1      
 183   1      }
 184          void Output_FAN(unsigned char temp)
 185          {
 186   1              switch(temp)
 187   1              {
 188   2                      case HALF:
 189   2                              IO_FAN ^=1;
 190   2                              break;
 191   2                      case ALL:
 192   2                              IO_FAN =1;
 193   2                              break;
 194   2                      default:
 195   2                              IO_FAN =0;
 196   2                              break;                                  
 197   2              }
 198   1      }
 199          void FanWork(void) //10ms
 200          {
 201   1              if(f_onoff)
 202   1              {
 203   2                      if(IO_REL2|IO_REL1)
 204   2                      {
 205   3                              if(fsg_lowpower)
 206   3                                      Output_FAN(HALF);
 207   3                              else
 208   3                                      Output_FAN(ALL); 
 209   3                      }
 210   2                      else
 211   2                              Output_FAN(CLOSE);      
 212   2              }
 213   1              else
 214   1                      Output_FAN(CLOSE);
 215   1      }


MODULE INFORMATION:   STATIC OVERLAYABLE
   CODE SIZE        =    402    ----
   CONSTANT SIZE    =   ----    ----
   XDATA SIZE       =   ----    ----
   PDATA SIZE       =   ----    ----
   DATA SIZE        =      1       1
   IDATA SIZE       =   ----    ----
   BIT SIZE         =   ----       1
END OF MODULE INFORMATION.


C51 COMPILATION COMPLETE.  0 WARNING(S),  0 ERROR(S)
